// Jest Snapshot v1, https://goo.gl/fbAQLP

exports[`should render ExpenseDashboardPage correctly 1`] = `
<div
  className="table"
>
  <div
    className="table__filterBar"
  >
    <div>
      <button
        className="filterBar__button"
        type="button"
      >
        Edit
      </button>
      <button
        className="filterBar__button"
        type="button"
      >
        More...
      </button>
    </div>
    <div>
      <select
        className="filterBar__dropdown"
        defaultValue="All tags"
      >
        <option>
          All tags
        </option>
      </select>
      <select
        className="filterBar__dropdown"
        defaultValue="All locations"
      >
        <option>
          All locations
        </option>
      </select>
      <input
        className="filterBar__search"
        placeholder="Search"
        readOnly={true}
        type="text"
      />
    </div>
  </div>
  <table>
    <thead>
      <tr
        className="table__header"
      >
        <th>
          <input
            type="checkbox"
          />
        </th>
        <th>
          Contact
        </th>
        <th>
          Total Value
        </th>
        <th>
          Location
        </th>
        <th>
          Deals
        </th>
        <th>
          Tags
        </th>
      </tr>
    </thead>
    <Contacts />
  </table>
</div>
`;
